2024-12-20 15:12:20 [[32minfo[39m]: [20/Dec/2024:09:42:20 +0000] --- GET --- /user --- 204 --- - --- 4.306 ms
2024-12-20 15:12:20 [[32minfo[39m]: [20/Dec/2024:09:42:20 +0000] --- GET --- /token/verify --- 204 --- - --- 2.459 ms
2024-12-20 15:12:20 [[32minfo[39m]: [20/Dec/2024:09:42:20 +0000] --- GET --- /msg-unread?reqId=null&reqIdType=User --- 204 --- - --- 2.680 ms
2024-12-20 15:12:20 [[32minfo[39m]: [20/Dec/2024:09:42:20 +0000] --- GET --- /notification/count --- 204 --- - --- 3.817 ms
2024-12-20 15:12:20 [[32minfo[39m]: [20/Dec/2024:09:42:20 +0000] --- GET --- /connection-req/count --- 204 --- - --- 2.006 ms
2024-12-20 15:12:20 [[32minfo[39m]: [20/Dec/2024:09:42:20 +0000] --- POST --- /user/url-check --- 204 --- - --- 2.046 ms
2024-12-20 15:12:20 [[32minfo[39m]: [20/Dec/2024:09:42:20 +0000] --- GET --- /token/verify --- 204 --- - --- 0.664 ms
2024-12-20 15:12:20 [[32minfo[39m]: [20/Dec/2024:09:42:20 +0000] --- GET --- /post/all?page=1&limit=3 --- 304 --- - --- 71.350 ms
2024-12-20 15:12:24 [[32minfo[39m]: [20/Dec/2024:09:42:24 +0000] --- POST --- /user/login --- 200 --- 391 --- 75.134 ms
2024-12-20 15:12:24 [[32minfo[39m]: [20/Dec/2024:09:42:24 +0000] --- GET --- /user --- 200 --- 1605 --- 42.635 ms
2024-12-20 15:12:24 [[32minfo[39m]: [20/Dec/2024:09:42:24 +0000] --- POST --- /user/url-check --- 200 --- 116 --- 36.797 ms
2024-12-20 15:12:24 [[32minfo[39m]: [20/Dec/2024:09:42:24 +0000] --- GET --- /user/same-city?page=1&limit=7 --- 304 --- - --- 22.197 ms
2024-12-20 15:12:24 [[32minfo[39m]: [20/Dec/2024:09:42:24 +0000] --- GET --- /msg-unread?reqId=6732e25f3d63d889db261cdd&reqIdType=User --- 304 --- - --- 14.530 ms
2024-12-20 15:16:41 [[32minfo[39m]: [20/Dec/2024:09:46:41 +0000] --- POST --- /refresh-verify --- 403 --- 50 --- 11.388 ms
2024-12-20 15:18:20 [[32minfo[39m]: [20/Dec/2024:09:48:20 +0000] --- POST --- /refresh-verify --- 200 --- 181 --- 33.262 ms
2024-12-20 15:22:41 [[32minfo[39m]: [20/Dec/2024:09:52:41 +0000] --- POST --- /refresh-verify --- 403 --- 50 --- 2.761 ms
2024-12-20 15:24:20 [[32minfo[39m]: [20/Dec/2024:09:54:20 +0000] --- POST --- /refresh-verify --- 200 --- 181 --- 9.235 ms
2024-12-20 15:25:14 [[32minfo[39m]: [20/Dec/2024:09:55:14 +0000] --- GET --- /msg-unread?reqId=6732e25f3d63d889db261cdd&reqIdType=User --- 304 --- - --- 46.837 ms
2024-12-20 15:25:14 [[32minfo[39m]: [20/Dec/2024:09:55:14 +0000] --- GET --- /notification/count --- 201 --- 34 --- 43.697 ms
2024-12-20 15:25:14 [[32minfo[39m]: [20/Dec/2024:09:55:14 +0000] --- GET --- /connection-req/count --- 200 --- 11 --- 21.890 ms
2024-12-20 15:25:14 [[32minfo[39m]: [20/Dec/2024:09:55:14 +0000] --- GET --- /msg-unread?reqId=6732e25f3d63d889db261cdd&reqIdType=User --- 304 --- - --- 16.674 ms
2024-12-20 15:25:14 [[32minfo[39m]: [20/Dec/2024:09:55:14 +0000] --- GET --- /post/user/all?page=1&limit=3&userid=6732e25f3d63d889db261cdd --- 304 --- - --- 23.544 ms
2024-12-20 15:25:15 [[32minfo[39m]: [20/Dec/2024:09:55:15 +0000] --- GET --- /msg-unread?reqId=6732e25f3d63d889db261cdd&reqIdType=User --- 304 --- - --- 27.444 ms
2024-12-20 15:25:15 [[32minfo[39m]: [20/Dec/2024:09:55:15 +0000] --- GET --- /connection-req/count --- 304 --- - --- 22.207 ms
2024-12-20 15:25:15 [[32minfo[39m]: [20/Dec/2024:09:55:15 +0000] --- GET --- /notification/count --- 201 --- 34 --- 31.427 ms
2024-12-20 15:25:15 [[32minfo[39m]: [20/Dec/2024:09:55:15 +0000] --- GET --- /msg-unread?reqId=6732e25f3d63d889db261cdd&reqIdType=User --- 304 --- - --- 45.296 ms
2024-12-20 15:25:35 [[32minfo[39m]: [20/Dec/2024:09:55:35 +0000] --- POST --- /subscription --- 200 --- 139 --- 2238.564 ms
2024-12-20 15:25:36 [[32minfo[39m]: [20/Dec/2024:09:55:36 +0000] --- POST --- /check-acc-status --- - --- - --- - ms
2024-12-20 15:25:36 [[32minfo[39m]: [20/Dec/2024:09:55:36 +0000] --- GET --- /subscription/verify --- - --- - --- - ms
2024-12-20 15:26:03 [[32minfo[39m]: [20/Dec/2024:09:56:03 +0000] --- GET --- /token/verify --- 200 --- 36 --- 5.163 ms
2024-12-20 15:26:03 [[32minfo[39m]: [20/Dec/2024:09:56:03 +0000] --- POST --- /webhook/paypal --- - --- - --- - ms
2024-12-20 15:26:03 [[32minfo[39m]: [20/Dec/2024:09:56:03 +0000] --- GET --- /token/verify --- 304 --- - --- 18.369 ms
2024-12-20 15:26:03 [[32minfo[39m]: [20/Dec/2024:09:56:03 +0000] --- GET --- /msg-unread?reqId=null&reqIdType=User --- 500 --- 76 --- 16.999 ms
2024-12-20 15:26:03 [[32minfo[39m]: [20/Dec/2024:09:56:03 +0000] --- GET --- /notification/count --- 201 --- 34 --- 22.124 ms
2024-12-20 15:26:03 [[32minfo[39m]: [20/Dec/2024:09:56:03 +0000] --- GET --- /connection-req/count --- 304 --- - --- 17.585 ms
2024-12-20 15:26:03 [[32minfo[39m]: [20/Dec/2024:09:56:03 +0000] --- GET --- /user --- 304 --- - --- 17.515 ms
2024-12-20 15:26:03 [[32minfo[39m]: [20/Dec/2024:09:56:03 +0000] --- GET --- /msg-unread?reqId=6732e25f3d63d889db261cdd&reqIdType=User --- 304 --- - --- 6.134 ms
2024-12-20 15:26:05 [[32minfo[39m]: [20/Dec/2024:09:56:05 +0000] --- GET --- /subscription/verify --- 200 --- 108 --- 1703.444 ms
2024-12-20 15:26:24 [[32minfo[39m]: [20/Dec/2024:09:56:24 +0000] --- POST --- /webhook/paypal --- 200 --- 7 --- 4.107 ms
2024-12-20 15:27:21 [[32minfo[39m]: [20/Dec/2024:09:57:21 +0000] --- POST --- /webhook/paypal --- - --- - --- - ms
2024-12-20 15:27:23 [[32minfo[39m]: [20/Dec/2024:09:57:23 +0000] --- POST --- /webhook/paypal --- - --- - --- - ms
2024-12-20 15:28:07 [[32minfo[39m]: [20/Dec/2024:09:58:07 +0000] --- GET --- /token/verify --- 304 --- - --- 46.625 ms
2024-12-20 15:28:07 [[32minfo[39m]: [20/Dec/2024:09:58:07 +0000] --- GET --- /msg-unread?reqId=null&reqIdType=User --- 500 --- 76 --- 54.082 ms
2024-12-20 15:28:07 [[32minfo[39m]: [20/Dec/2024:09:58:07 +0000] --- GET --- /notification/count --- 201 --- 34 --- 101.891 ms
2024-12-20 15:28:07 [[32minfo[39m]: [20/Dec/2024:09:58:07 +0000] --- GET --- /connection-req/count --- 304 --- - --- 96.043 ms
2024-12-20 15:28:07 [[32minfo[39m]: [20/Dec/2024:09:58:07 +0000] --- GET --- /token/verify --- 304 --- - --- 159.085 ms
2024-12-20 15:28:07 [[32minfo[39m]: [20/Dec/2024:09:58:07 +0000] --- GET --- /user --- 304 --- - --- 41.813 ms
2024-12-20 15:28:07 [[32minfo[39m]: [20/Dec/2024:09:58:07 +0000] --- GET --- /msg-unread?reqId=6732e25f3d63d889db261cdd&reqIdType=User --- 304 --- - --- 13.878 ms
2024-12-20 15:28:09 [[32minfo[39m]: [20/Dec/2024:09:58:09 +0000] --- GET --- /subscription/verify --- 200 --- 27 --- 1793.739 ms
2024-12-20 15:28:27 [[32minfo[39m]: [20/Dec/2024:09:58:27 +0000] --- POST --- /subscription --- 200 --- 139 --- 2201.090 ms
2024-12-20 15:28:28 [[32minfo[39m]: [20/Dec/2024:09:58:28 +0000] --- POST --- /check-acc-status --- - --- - --- - ms
2024-12-20 15:28:41 [[32minfo[39m]: [20/Dec/2024:09:58:41 +0000] --- POST --- /refresh-verify --- 403 --- 50 --- 1.336 ms
2024-12-20 15:28:47 [[32minfo[39m]: [20/Dec/2024:09:58:47 +0000] --- POST --- /webhook/paypal --- - --- - --- - ms
2024-12-20 15:28:53 [[32minfo[39m]: [20/Dec/2024:09:58:53 +0000] --- GET --- /token/verify --- 304 --- - --- 5.245 ms
2024-12-20 15:28:53 [[32minfo[39m]: [20/Dec/2024:09:58:53 +0000] --- GET --- /msg-unread?reqId=null&reqIdType=User --- 500 --- 76 --- 15.368 ms
2024-12-20 15:28:53 [[32minfo[39m]: [20/Dec/2024:09:58:53 +0000] --- GET --- /connection-req/count --- 304 --- - --- 23.285 ms
2024-12-20 15:28:53 [[32minfo[39m]: [20/Dec/2024:09:58:53 +0000] --- GET --- /token/verify --- 304 --- - --- 25.504 ms
2024-12-20 15:28:53 [[32minfo[39m]: [20/Dec/2024:09:58:53 +0000] --- GET --- /notification/count --- 201 --- 34 --- 21.050 ms
2024-12-20 15:28:53 [[32minfo[39m]: [20/Dec/2024:09:58:53 +0000] --- GET --- /user --- 304 --- - --- 16.588 ms
2024-12-20 15:28:53 [[32minfo[39m]: [20/Dec/2024:09:58:53 +0000] --- GET --- /msg-unread?reqId=6732e25f3d63d889db261cdd&reqIdType=User --- 304 --- - --- 8.568 ms
2024-12-20 15:28:55 [[32minfo[39m]: [20/Dec/2024:09:58:55 +0000] --- GET --- /subscription/verify --- 200 --- 108 --- 2139.095 ms
2024-12-20 15:29:00 [[32minfo[39m]: [20/Dec/2024:09:59:00 +0000] --- GET --- /token/verify --- 304 --- - --- 4.712 ms
2024-12-20 15:29:01 [[32minfo[39m]: [20/Dec/2024:09:59:01 +0000] --- GET --- /msg-unread?reqId=null&reqIdType=User --- 500 --- 76 --- 19.358 ms
2024-12-20 15:29:01 [[32minfo[39m]: [20/Dec/2024:09:59:01 +0000] --- GET --- /token/verify --- 304 --- - --- 34.107 ms
2024-12-20 15:29:01 [[32minfo[39m]: [20/Dec/2024:09:59:01 +0000] --- GET --- /notification/count --- 201 --- 34 --- 27.205 ms
2024-12-20 15:29:01 [[32minfo[39m]: [20/Dec/2024:09:59:01 +0000] --- GET --- /connection-req/count --- 304 --- - --- 26.255 ms
2024-12-20 15:29:01 [[32minfo[39m]: [20/Dec/2024:09:59:01 +0000] --- GET --- /user --- 304 --- - --- 15.123 ms
2024-12-20 15:29:01 [[32minfo[39m]: [20/Dec/2024:09:59:01 +0000] --- GET --- /msg-unread?reqId=6732e25f3d63d889db261cdd&reqIdType=User --- 304 --- - --- 9.086 ms
2024-12-20 15:29:01 [[32minfo[39m]: [20/Dec/2024:09:59:01 +0000] --- POST --- /webhook/paypal --- - --- - --- - ms
2024-12-20 15:29:02 [[32minfo[39m]: [20/Dec/2024:09:59:02 +0000] --- GET --- /subscription/verify --- 304 --- - --- 1551.791 ms
2024-12-20 15:29:03 [[32minfo[39m]: [20/Dec/2024:09:59:03 +0000] --- POST --- /webhook/paypal --- 200 --- 7 --- 4.153 ms
2024-12-20 15:29:08 [[32minfo[39m]: [20/Dec/2024:09:59:08 +0000] --- DELETE --- /subscription/cancel --- 200 --- 15 --- 1627.571 ms
2024-12-20 15:29:14 [[32minfo[39m]: [20/Dec/2024:09:59:14 +0000] --- GET --- /token/verify --- 304 --- - --- 7.601 ms
2024-12-20 15:29:14 [[32minfo[39m]: [20/Dec/2024:09:59:14 +0000] --- GET --- /msg-unread?reqId=null&reqIdType=User --- 500 --- 76 --- 19.403 ms
2024-12-20 15:29:14 [[32minfo[39m]: [20/Dec/2024:09:59:14 +0000] --- GET --- /notification/count --- 201 --- 34 --- 26.991 ms
2024-12-20 15:29:14 [[32minfo[39m]: [20/Dec/2024:09:59:14 +0000] --- GET --- /token/verify --- 304 --- - --- 26.107 ms
2024-12-20 15:29:14 [[32minfo[39m]: [20/Dec/2024:09:59:14 +0000] --- GET --- /connection-req/count --- 304 --- - --- 34.150 ms
2024-12-20 15:29:14 [[32minfo[39m]: [20/Dec/2024:09:59:14 +0000] --- GET --- /user --- 304 --- - --- 12.214 ms
2024-12-20 15:29:14 [[32minfo[39m]: [20/Dec/2024:09:59:14 +0000] --- GET --- /msg-unread?reqId=6732e25f3d63d889db261cdd&reqIdType=User --- 304 --- - --- 5.013 ms
2024-12-20 15:29:16 [[32minfo[39m]: [20/Dec/2024:09:59:16 +0000] --- GET --- /subscription/verify --- 200 --- 27 --- 2073.148 ms
2024-12-20 15:29:57 [[32minfo[39m]: [20/Dec/2024:09:59:57 +0000] --- POST --- /webhook/paypal --- - --- - --- - ms
2024-12-20 15:31:11 [[32minfo[39m]: [20/Dec/2024:10:01:11 +0000] --- POST --- /webhook/paypal --- - --- - --- - ms
2024-12-20 15:31:22 [[32minfo[39m]: [20/Dec/2024:10:01:22 +0000] --- POST --- /webhook/paypal --- - --- - --- - ms
2024-12-20 15:31:35 [[32minfo[39m]: [20/Dec/2024:10:01:35 +0000] --- POST --- /webhook/paypal --- - --- - --- - ms
2024-12-20 15:32:01 [[32minfo[39m]: [20/Dec/2024:10:02:01 +0000] --- POST --- /webhook/paypal --- - --- - --- - ms
2024-12-20 15:32:38 [[32minfo[39m]: [20/Dec/2024:10:02:38 +0000] --- GET --- /token/verify --- 304 --- - --- 6.748 ms
2024-12-20 15:32:39 [[32minfo[39m]: [20/Dec/2024:10:02:39 +0000] --- GET --- /msg-unread?reqId=null&reqIdType=User --- 500 --- 76 --- 23.721 ms
2024-12-20 15:32:39 [[32minfo[39m]: [20/Dec/2024:10:02:39 +0000] --- GET --- /notification/count --- 201 --- 34 --- 30.190 ms
2024-12-20 15:32:39 [[32minfo[39m]: [20/Dec/2024:10:02:39 +0000] --- GET --- /token/verify --- 304 --- - --- 38.120 ms
2024-12-20 15:32:39 [[32minfo[39m]: [20/Dec/2024:10:02:39 +0000] --- GET --- /connection-req/count --- 304 --- - --- 25.702 ms
2024-12-20 15:32:39 [[32minfo[39m]: [20/Dec/2024:10:02:39 +0000] --- GET --- /user --- 304 --- - --- 20.953 ms
2024-12-20 15:32:39 [[32minfo[39m]: [20/Dec/2024:10:02:39 +0000] --- GET --- /msg-unread?reqId=6732e25f3d63d889db261cdd&reqIdType=User --- 304 --- - --- 8.463 ms
2024-12-20 15:32:40 [[32minfo[39m]: [20/Dec/2024:10:02:40 +0000] --- GET --- /subscription/verify --- 304 --- - --- 1869.463 ms
2024-12-20 15:34:24 [[32minfo[39m]: [20/Dec/2024:10:04:24 +0000] --- POST --- /webhook/paypal --- - --- - --- - ms
2024-12-20 15:34:32 [[32minfo[39m]: [20/Dec/2024:10:04:32 +0000] --- POST --- /webhook/paypal --- - --- - --- - ms
2024-12-20 15:34:41 [[32minfo[39m]: [20/Dec/2024:10:04:41 +0000] --- POST --- /refresh-verify --- 403 --- 50 --- 0.902 ms
2024-12-20 15:36:53 [[32minfo[39m]: [20/Dec/2024:10:06:53 +0000] --- POST --- /subscription --- 204 --- - --- 14.519 ms
2024-12-20 15:36:53 [[32minfo[39m]: [20/Dec/2024:10:06:53 +0000] --- POST --- /check-acc-status --- 204 --- - --- 3.869 ms
2024-12-20 15:36:55 [[32minfo[39m]: [20/Dec/2024:10:06:55 +0000] --- GET --- /token/verify --- 204 --- - --- 4.244 ms
2024-12-20 15:36:55 [[32minfo[39m]: [20/Dec/2024:10:06:55 +0000] --- GET --- /token/verify --- 204 --- - --- 11.187 ms
2024-12-20 15:36:55 [[32minfo[39m]: [20/Dec/2024:10:06:55 +0000] --- GET --- /msg-unread?reqId=null&reqIdType=User --- 204 --- - --- 14.516 ms
2024-12-20 15:36:56 [[32minfo[39m]: [20/Dec/2024:10:06:56 +0000] --- GET --- /notification/count --- 204 --- - --- 5.820 ms
2024-12-20 15:36:56 [[32minfo[39m]: [20/Dec/2024:10:06:56 +0000] --- GET --- /connection-req/count --- 204 --- - --- 3.245 ms
2024-12-20 15:36:56 [[32minfo[39m]: [20/Dec/2024:10:06:56 +0000] --- GET --- /subscription/verify --- 204 --- - --- 4.206 ms
2024-12-20 15:36:56 [[32minfo[39m]: [20/Dec/2024:10:06:56 +0000] --- GET --- /token/verify --- 204 --- - --- 5.758 ms
2024-12-20 15:36:56 [[32minfo[39m]: [20/Dec/2024:10:06:56 +0000] --- GET --- /token/route --- 204 --- - --- 4.672 ms
2024-12-20 15:37:00 [[32minfo[39m]: [20/Dec/2024:10:07:00 +0000] --- POST --- /user/login --- 200 --- 391 --- 108.202 ms
2024-12-20 15:37:02 [[32minfo[39m]: [20/Dec/2024:10:07:02 +0000] --- GET --- /token/verify --- 200 --- 36 --- 38.638 ms
2024-12-20 15:37:02 [[32minfo[39m]: [20/Dec/2024:10:07:02 +0000] --- GET --- /notification/count --- 201 --- 34 --- 36.190 ms
2024-12-20 15:37:02 [[32minfo[39m]: [20/Dec/2024:10:07:02 +0000] --- GET --- /connection-req/count --- 200 --- 11 --- 32.958 ms
2024-12-20 15:37:02 [[32minfo[39m]: [20/Dec/2024:10:07:02 +0000] --- POST --- /user/url-check --- 200 --- 116 --- 35.540 ms
2024-12-20 15:37:02 [[32minfo[39m]: [20/Dec/2024:10:07:02 +0000] --- GET --- /msg-unread?reqId=null&reqIdType=User --- 500 --- 76 --- 54.668 ms
2024-12-20 15:37:02 [[32minfo[39m]: [20/Dec/2024:10:07:02 +0000] --- GET --- /user --- 200 --- 1605 --- 113.426 ms
2024-12-20 15:37:02 [[32minfo[39m]: [20/Dec/2024:10:07:02 +0000] --- GET --- /post/all?page=1&limit=3 --- 304 --- - --- 37.734 ms
2024-12-20 15:37:03 [[32minfo[39m]: [20/Dec/2024:10:07:03 +0000] --- GET --- /user/same-city?page=1&limit=7 --- 304 --- - --- 48.626 ms
2024-12-20 15:37:03 [[32minfo[39m]: [20/Dec/2024:10:07:03 +0000] --- GET --- /msg-unread?reqId=6732e25f3d63d889db261cdd&reqIdType=User --- 304 --- - --- 11.233 ms
2024-12-20 15:37:05 [[32minfo[39m]: [20/Dec/2024:10:07:05 +0000] --- GET --- /msg-unread?reqId=6732e25f3d63d889db261cdd&reqIdType=User --- 304 --- - --- 19.445 ms
2024-12-20 15:37:05 [[32minfo[39m]: [20/Dec/2024:10:07:05 +0000] --- GET --- /connection-req/count --- 304 --- - --- 20.427 ms
2024-12-20 15:37:05 [[32minfo[39m]: [20/Dec/2024:10:07:05 +0000] --- GET --- /notification/count --- 201 --- 34 --- 26.055 ms
2024-12-20 15:37:05 [[32minfo[39m]: [20/Dec/2024:10:07:05 +0000] --- GET --- /subscription/verify --- 201 --- 40 --- 22.442 ms
2024-12-20 15:37:05 [[32minfo[39m]: [20/Dec/2024:10:07:05 +0000] --- GET --- /msg-unread?reqId=6732e25f3d63d889db261cdd&reqIdType=User --- 304 --- - --- 10.393 ms
2024-12-20 15:37:10 [[32minfo[39m]: [20/Dec/2024:10:07:10 +0000] --- POST --- /subscription --- 200 --- 139 --- 2280.272 ms
2024-12-20 15:37:11 [[32minfo[39m]: [20/Dec/2024:10:07:11 +0000] --- POST --- /check-acc-status --- - --- - --- - ms
2024-12-20 15:37:35 [[32minfo[39m]: [20/Dec/2024:10:07:35 +0000] --- GET --- /token/verify --- 304 --- - --- 5.532 ms
2024-12-20 15:37:35 [[32minfo[39m]: [20/Dec/2024:10:07:35 +0000] --- GET --- /msg-unread?reqId=null&reqIdType=User --- 500 --- 76 --- 7.370 ms
2024-12-20 15:37:35 [[32minfo[39m]: [20/Dec/2024:10:07:35 +0000] --- GET --- /token/verify --- 304 --- - --- 23.195 ms
2024-12-20 15:37:35 [[32minfo[39m]: [20/Dec/2024:10:07:35 +0000] --- GET --- /notification/count --- 201 --- 34 --- 24.146 ms
2024-12-20 15:37:36 [[32minfo[39m]: [20/Dec/2024:10:07:36 +0000] --- GET --- /connection-req/count --- 304 --- - --- 24.892 ms
2024-12-20 15:37:36 [[32minfo[39m]: [20/Dec/2024:10:07:36 +0000] --- GET --- /user --- 304 --- - --- 21.511 ms
2024-12-20 15:37:36 [[32minfo[39m]: [20/Dec/2024:10:07:36 +0000] --- GET --- /msg-unread?reqId=6732e25f3d63d889db261cdd&reqIdType=User --- 304 --- - --- 6.518 ms
2024-12-20 15:37:38 [[32minfo[39m]: [20/Dec/2024:10:07:38 +0000] --- GET --- /subscription/verify --- 200 --- 108 --- 2626.094 ms
2024-12-20 15:37:43 [[32minfo[39m]: [20/Dec/2024:10:07:43 +0000] --- POST --- /webhook/paypal --- - --- - --- - ms
2024-12-20 15:37:53 [[32minfo[39m]: [20/Dec/2024:10:07:53 +0000] --- POST --- /webhook/paypal --- 200 --- 7 --- 4.173 ms
2024-12-20 15:37:58 [[32minfo[39m]: [20/Dec/2024:10:07:58 +0000] --- GET --- /token/verify --- 304 --- - --- 5.537 ms
2024-12-20 15:37:58 [[32minfo[39m]: [20/Dec/2024:10:07:58 +0000] --- GET --- /msg-unread?reqId=null&reqIdType=User --- 500 --- 76 --- 16.697 ms
2024-12-20 15:37:58 [[32minfo[39m]: [20/Dec/2024:10:07:58 +0000] --- GET --- /notification/count --- 201 --- 34 --- 25.657 ms
2024-12-20 15:37:58 [[32minfo[39m]: [20/Dec/2024:10:07:58 +0000] --- GET --- /token/verify --- 304 --- - --- 25.504 ms
2024-12-20 15:37:58 [[32minfo[39m]: [20/Dec/2024:10:07:58 +0000] --- GET --- /connection-req/count --- 304 --- - --- 30.976 ms
2024-12-20 15:37:58 [[32minfo[39m]: [20/Dec/2024:10:07:58 +0000] --- GET --- /user --- 304 --- - --- 14.081 ms
2024-12-20 15:37:58 [[32minfo[39m]: [20/Dec/2024:10:07:58 +0000] --- GET --- /msg-unread?reqId=6732e25f3d63d889db261cdd&reqIdType=User --- 304 --- - --- 7.501 ms
2024-12-20 15:38:00 [[32minfo[39m]: [20/Dec/2024:10:08:00 +0000] --- GET --- /subscription/verify --- 304 --- - --- 2111.679 ms
2024-12-20 15:39:13 [[32minfo[39m]: [20/Dec/2024:10:09:13 +0000] --- POST --- /webhook/paypal --- - --- - --- - ms
2024-12-20 15:40:41 [[32minfo[39m]: [20/Dec/2024:10:10:41 +0000] --- POST --- /refresh-verify --- 403 --- 50 --- 11.457 ms
2024-12-20 15:43:59 [[32minfo[39m]: [20/Dec/2024:10:13:59 +0000] --- POST --- /refresh-verify --- 200 --- 181 --- 35.840 ms
2024-12-20 15:46:41 [[32minfo[39m]: [20/Dec/2024:10:16:41 +0000] --- POST --- /refresh-verify --- 403 --- 50 --- 2.410 ms
2024-12-20 15:49:59 [[32minfo[39m]: [20/Dec/2024:10:19:59 +0000] --- POST --- /refresh-verify --- 200 --- 181 --- 43.195 ms
2024-12-20 15:50:13 [[32minfo[39m]: [20/Dec/2024:10:20:13 +0000] --- DELETE --- /subscription/cancel --- 200 --- 15 --- 1812.801 ms
2024-12-20 15:50:20 [[32minfo[39m]: [20/Dec/2024:10:20:20 +0000] --- GET --- /token/verify --- 304 --- - --- 8.947 ms
2024-12-20 15:50:20 [[32minfo[39m]: [20/Dec/2024:10:20:20 +0000] --- GET --- /msg-unread?reqId=null&reqIdType=User --- 500 --- 76 --- 14.441 ms
2024-12-20 15:50:20 [[32minfo[39m]: [20/Dec/2024:10:20:20 +0000] --- GET --- /notification/count --- 201 --- 34 --- 32.640 ms
2024-12-20 15:50:20 [[32minfo[39m]: [20/Dec/2024:10:20:20 +0000] --- GET --- /connection-req/count --- 304 --- - --- 53.411 ms
2024-12-20 15:50:20 [[32minfo[39m]: [20/Dec/2024:10:20:20 +0000] --- GET --- /token/verify --- 304 --- - --- 41.584 ms
2024-12-20 15:50:20 [[32minfo[39m]: [20/Dec/2024:10:20:20 +0000] --- GET --- /user --- 304 --- - --- 39.338 ms
2024-12-20 15:50:20 [[32minfo[39m]: [20/Dec/2024:10:20:20 +0000] --- GET --- /msg-unread?reqId=6732e25f3d63d889db261cdd&reqIdType=User --- 304 --- - --- 15.040 ms
2024-12-20 15:50:22 [[32minfo[39m]: [20/Dec/2024:10:20:22 +0000] --- GET --- /subscription/verify --- 200 --- 27 --- 2168.171 ms
2024-12-20 15:50:44 [[32minfo[39m]: [20/Dec/2024:10:20:44 +0000] --- POST --- /webhook/paypal --- - --- - --- - ms
2024-12-20 15:52:14 [[32minfo[39m]: [20/Dec/2024:10:22:14 +0000] --- POST --- /webhook/paypal --- - --- - --- - ms
2024-12-20 15:52:41 [[32minfo[39m]: [20/Dec/2024:10:22:41 +0000] --- POST --- /refresh-verify --- 403 --- 50 --- 1.380 ms
2024-12-20 15:55:22 [[32minfo[39m]: [20/Dec/2024:10:25:22 +0000] --- POST --- /webhook/paypal --- - --- - --- - ms
2024-12-20 15:55:46 [[32minfo[39m]: [20/Dec/2024:10:25:46 +0000] --- POST --- /subscription --- 200 --- 139 --- 2399.429 ms
2024-12-20 15:55:46 [[32minfo[39m]: [20/Dec/2024:10:25:46 +0000] --- POST --- /check-acc-status --- - --- - --- - ms
2024-12-20 15:55:59 [[32minfo[39m]: [20/Dec/2024:10:25:59 +0000] --- POST --- /webhook/paypal --- 200 --- 21 --- 4.032 ms
2024-12-20 15:56:17 [[32minfo[39m]: [20/Dec/2024:10:26:17 +0000] --- GET --- /token/verify --- 304 --- - --- 13.341 ms
2024-12-20 15:56:17 [[32minfo[39m]: [20/Dec/2024:10:26:17 +0000] --- GET --- /msg-unread?reqId=null&reqIdType=User --- 500 --- 76 --- 15.118 ms
2024-12-20 15:56:17 [[32minfo[39m]: [20/Dec/2024:10:26:17 +0000] --- GET --- /notification/count --- 201 --- 34 --- 35.039 ms
2024-12-20 15:56:17 [[32minfo[39m]: [20/Dec/2024:10:26:17 +0000] --- GET --- /token/verify --- 304 --- - --- 39.659 ms
2024-12-20 15:56:17 [[32minfo[39m]: [20/Dec/2024:10:26:17 +0000] --- GET --- /connection-req/count --- 304 --- - --- 35.872 ms
2024-12-20 15:56:18 [[32minfo[39m]: [20/Dec/2024:10:26:18 +0000] --- GET --- /user --- 304 --- - --- 34.383 ms
2024-12-20 15:56:18 [[32minfo[39m]: [20/Dec/2024:10:26:18 +0000] --- GET --- /msg-unread?reqId=6732e25f3d63d889db261cdd&reqIdType=User --- 304 --- - --- 7.778 ms
2024-12-20 15:56:20 [[32minfo[39m]: [20/Dec/2024:10:26:20 +0000] --- GET --- /subscription/verify --- 200 --- 108 --- 2244.839 ms
2024-12-20 15:56:38 [[32minfo[39m]: [20/Dec/2024:10:26:38 +0000] --- POST --- /webhook/paypal --- 200 --- 21 --- 4.532 ms
2024-12-20 15:58:41 [[32minfo[39m]: [20/Dec/2024:10:28:41 +0000] --- POST --- /refresh-verify --- 403 --- 50 --- 1.330 ms
2024-12-20 16:00:30 [[32minfo[39m]: [20/Dec/2024:10:30:30 +0000] --- DELETE --- /subscription/cancel --- 204 --- - --- 3.127 ms
2024-12-20 16:02:17 [[32minfo[39m]: [20/Dec/2024:10:32:17 +0000] --- POST --- /refresh-verify --- 200 --- 181 --- 6.500 ms
2024-12-20 16:02:55 [[32minfo[39m]: [20/Dec/2024:10:32:55 +0000] --- GET --- /token/verify --- 304 --- - --- 5.380 ms
2024-12-20 16:02:55 [[32minfo[39m]: [20/Dec/2024:10:32:55 +0000] --- GET --- /msg-unread?reqId=null&reqIdType=User --- 500 --- 76 --- 25.605 ms
2024-12-20 16:02:55 [[32minfo[39m]: [20/Dec/2024:10:32:55 +0000] --- GET --- /connection-req/count --- 304 --- - --- 38.100 ms
2024-12-20 16:02:55 [[32minfo[39m]: [20/Dec/2024:10:32:55 +0000] --- GET --- /notification/count --- 201 --- 34 --- 63.195 ms
2024-12-20 16:02:55 [[32minfo[39m]: [20/Dec/2024:10:32:55 +0000] --- GET --- /token/verify --- 304 --- - --- 67.412 ms
2024-12-20 16:02:55 [[32minfo[39m]: [20/Dec/2024:10:32:55 +0000] --- GET --- /user --- 304 --- - --- 21.069 ms
2024-12-20 16:02:55 [[32minfo[39m]: [20/Dec/2024:10:32:55 +0000] --- GET --- /msg-unread?reqId=6732e25f3d63d889db261cdd&reqIdType=User --- 304 --- - --- 8.266 ms
2024-12-20 16:02:57 [[32minfo[39m]: [20/Dec/2024:10:32:57 +0000] --- GET --- /subscription/verify --- - --- - --- - ms
2024-12-20 16:02:57 [[32minfo[39m]: [20/Dec/2024:10:32:57 +0000] --- GET --- /token/verify --- 304 --- - --- 4.507 ms
2024-12-20 16:02:57 [[32minfo[39m]: [20/Dec/2024:10:32:57 +0000] --- GET --- /msg-unread?reqId=null&reqIdType=User --- 500 --- 76 --- 20.400 ms
2024-12-20 16:02:57 [[32minfo[39m]: [20/Dec/2024:10:32:57 +0000] --- GET --- /notification/count --- 201 --- 34 --- 31.424 ms
2024-12-20 16:02:57 [[32minfo[39m]: [20/Dec/2024:10:32:57 +0000] --- GET --- /connection-req/count --- 304 --- - --- 35.544 ms
2024-12-20 16:02:57 [[32minfo[39m]: [20/Dec/2024:10:32:57 +0000] --- GET --- /token/verify --- 304 --- - --- 27.467 ms
2024-12-20 16:02:57 [[32minfo[39m]: [20/Dec/2024:10:32:57 +0000] --- GET --- /user --- 304 --- - --- 14.109 ms
2024-12-20 16:02:57 [[32minfo[39m]: [20/Dec/2024:10:32:57 +0000] --- GET --- /msg-unread?reqId=6732e25f3d63d889db261cdd&reqIdType=User --- 304 --- - --- 9.938 ms
2024-12-20 16:04:41 [[32minfo[39m]: [20/Dec/2024:10:34:41 +0000] --- POST --- /refresh-verify --- 403 --- 50 --- 0.680 ms
2024-12-20 16:08:57 [[32minfo[39m]: [20/Dec/2024:10:38:57 +0000] --- POST --- /refresh-verify --- 200 --- 181 --- 8.640 ms
2024-12-20 16:10:38 [[32minfo[39m]: [20/Dec/2024:10:40:38 +0000] --- GET --- /subscription/verify --- - --- - --- - ms
2024-12-20 16:10:39 [[32minfo[39m]: [20/Dec/2024:10:40:39 +0000] --- GET --- /token/verify --- 304 --- - --- 4.937 ms
2024-12-20 16:10:39 [[32minfo[39m]: [20/Dec/2024:10:40:39 +0000] --- GET --- /msg-unread?reqId=null&reqIdType=User --- 500 --- 76 --- 22.488 ms
2024-12-20 16:10:39 [[32minfo[39m]: [20/Dec/2024:10:40:39 +0000] --- GET --- /notification/count --- 201 --- 34 --- 21.372 ms
2024-12-20 16:10:39 [[32minfo[39m]: [20/Dec/2024:10:40:39 +0000] --- GET --- /subscription/verify --- 201 --- 40 --- 27.560 ms
2024-12-20 16:10:39 [[32minfo[39m]: [20/Dec/2024:10:40:39 +0000] --- GET --- /connection-req/count --- 304 --- - --- 22.905 ms
2024-12-20 16:10:39 [[32minfo[39m]: [20/Dec/2024:10:40:39 +0000] --- GET --- /token/verify --- 304 --- - --- 31.666 ms
2024-12-20 16:10:39 [[32minfo[39m]: [20/Dec/2024:10:40:39 +0000] --- GET --- /user --- 304 --- - --- 13.367 ms
2024-12-20 16:10:39 [[32minfo[39m]: [20/Dec/2024:10:40:39 +0000] --- GET --- /msg-unread?reqId=6732e25f3d63d889db261cdd&reqIdType=User --- 304 --- - --- 10.058 ms
2024-12-20 16:10:41 [[32minfo[39m]: [20/Dec/2024:10:40:41 +0000] --- POST --- /refresh-verify --- 403 --- 50 --- 0.877 ms
2024-12-20 16:10:44 [[32minfo[39m]: [20/Dec/2024:10:40:44 +0000] --- POST --- /subscription --- 200 --- 139 --- 3201.514 ms
2024-12-20 16:10:45 [[32minfo[39m]: [20/Dec/2024:10:40:45 +0000] --- POST --- /check-acc-status --- - --- - --- - ms
2024-12-20 16:10:58 [[32minfo[39m]: [20/Dec/2024:10:40:58 +0000] --- POST --- /webhook/paypal --- 200 --- 21 --- 2.332 ms
2024-12-20 16:11:08 [[32minfo[39m]: [20/Dec/2024:10:41:08 +0000] --- GET --- /token/verify --- 304 --- - --- 6.004 ms
2024-12-20 16:11:08 [[32minfo[39m]: [20/Dec/2024:10:41:08 +0000] --- GET --- /msg-unread?reqId=null&reqIdType=User --- 500 --- 76 --- 11.713 ms
2024-12-20 16:11:08 [[32minfo[39m]: [20/Dec/2024:10:41:08 +0000] --- GET --- /notification/count --- 201 --- 34 --- 19.733 ms
2024-12-20 16:11:08 [[32minfo[39m]: [20/Dec/2024:10:41:08 +0000] --- GET --- /token/verify --- 304 --- - --- 22.413 ms
2024-12-20 16:11:08 [[32minfo[39m]: [20/Dec/2024:10:41:08 +0000] --- GET --- /connection-req/count --- 304 --- - --- 17.053 ms
2024-12-20 16:11:08 [[32minfo[39m]: [20/Dec/2024:10:41:08 +0000] --- GET --- /user --- 304 --- - --- 12.692 ms
2024-12-20 16:11:08 [[32minfo[39m]: [20/Dec/2024:10:41:08 +0000] --- GET --- /msg-unread?reqId=6732e25f3d63d889db261cdd&reqIdType=User --- 304 --- - --- 7.024 ms
2024-12-20 16:11:10 [[32minfo[39m]: [20/Dec/2024:10:41:10 +0000] --- GET --- /subscription/verify --- 200 --- 108 --- 2019.268 ms
2024-12-20 16:11:18 [[32minfo[39m]: [20/Dec/2024:10:41:18 +0000] --- POST --- /webhook/paypal --- 200 --- 21 --- 4.453 ms
2024-12-20 16:11:24 [[32minfo[39m]: [20/Dec/2024:10:41:24 +0000] --- DELETE --- /subscription/cancel --- 200 --- 15 --- 1792.532 ms
2024-12-20 16:11:31 [[32minfo[39m]: [20/Dec/2024:10:41:31 +0000] --- GET --- /token/verify --- 304 --- - --- 6.561 ms
2024-12-20 16:11:31 [[32minfo[39m]: [20/Dec/2024:10:41:31 +0000] --- GET --- /msg-unread?reqId=null&reqIdType=User --- 500 --- 76 --- 20.365 ms
2024-12-20 16:11:31 [[32minfo[39m]: [20/Dec/2024:10:41:31 +0000] --- GET --- /token/verify --- 304 --- - --- 21.179 ms
2024-12-20 16:11:31 [[32minfo[39m]: [20/Dec/2024:10:41:31 +0000] --- GET --- /notification/count --- 201 --- 34 --- 40.257 ms
2024-12-20 16:11:31 [[32minfo[39m]: [20/Dec/2024:10:41:31 +0000] --- GET --- /connection-req/count --- 304 --- - --- 37.437 ms
2024-12-20 16:11:31 [[32minfo[39m]: [20/Dec/2024:10:41:31 +0000] --- GET --- /user --- 304 --- - --- 8.172 ms
2024-12-20 16:11:31 [[32minfo[39m]: [20/Dec/2024:10:41:31 +0000] --- GET --- /msg-unread?reqId=6732e25f3d63d889db261cdd&reqIdType=User --- 304 --- - --- 5.937 ms
2024-12-20 16:11:32 [[32minfo[39m]: [20/Dec/2024:10:41:32 +0000] --- GET --- /subscription/verify --- 200 --- 27 --- 1713.596 ms
2024-12-20 16:11:44 [[32minfo[39m]: [20/Dec/2024:10:41:44 +0000] --- POST --- /webhook/paypal --- 200 --- 21 --- 4.444 ms
2024-12-20 16:16:41 [[32minfo[39m]: [20/Dec/2024:10:46:41 +0000] --- POST --- /refresh-verify --- 403 --- 50 --- 3.631 ms
2024-12-20 16:16:42 [[32minfo[39m]: [20/Dec/2024:10:46:42 +0000] --- POST --- /subscription --- 200 --- 139 --- 2816.121 ms
2024-12-20 16:16:43 [[32minfo[39m]: [20/Dec/2024:10:46:43 +0000] --- POST --- /check-acc-status --- - --- - --- - ms
2024-12-20 16:16:59 [[32minfo[39m]: [20/Dec/2024:10:46:59 +0000] --- POST --- /webhook/paypal --- 200 --- 21 --- 3.229 ms
2024-12-20 16:17:08 [[32minfo[39m]: [20/Dec/2024:10:47:08 +0000] --- GET --- /token/verify --- 304 --- - --- 8.783 ms
2024-12-20 16:17:08 [[32minfo[39m]: [20/Dec/2024:10:47:08 +0000] --- GET --- /msg-unread?reqId=null&reqIdType=User --- 500 --- 76 --- 17.785 ms
2024-12-20 16:17:08 [[32minfo[39m]: [20/Dec/2024:10:47:08 +0000] --- GET --- /notification/count --- 201 --- 34 --- 29.086 ms
2024-12-20 16:17:08 [[32minfo[39m]: [20/Dec/2024:10:47:08 +0000] --- GET --- /token/verify --- 304 --- - --- 27.373 ms
2024-12-20 16:17:08 [[32minfo[39m]: [20/Dec/2024:10:47:08 +0000] --- GET --- /connection-req/count --- 304 --- - --- 23.331 ms
2024-12-20 16:17:08 [[32minfo[39m]: [20/Dec/2024:10:47:08 +0000] --- GET --- /user --- 304 --- - --- 25.597 ms
2024-12-20 16:17:08 [[32minfo[39m]: [20/Dec/2024:10:47:08 +0000] --- GET --- /msg-unread?reqId=6732e25f3d63d889db261cdd&reqIdType=User --- 304 --- - --- 8.602 ms
2024-12-20 16:17:11 [[32minfo[39m]: [20/Dec/2024:10:47:11 +0000] --- GET --- /subscription/verify --- 200 --- 108 --- 2647.027 ms
2024-12-20 16:17:16 [[32minfo[39m]: [20/Dec/2024:10:47:16 +0000] --- DELETE --- /subscription/cancel --- 200 --- 15 --- 2227.718 ms
2024-12-20 16:17:23 [[32minfo[39m]: [20/Dec/2024:10:47:23 +0000] --- GET --- /token/verify --- 304 --- - --- 8.801 ms
2024-12-20 16:17:23 [[32minfo[39m]: [20/Dec/2024:10:47:23 +0000] --- GET --- /token/verify --- 304 --- - --- 30.275 ms
2024-12-20 16:17:23 [[32minfo[39m]: [20/Dec/2024:10:47:23 +0000] --- GET --- /notification/count --- 201 --- 34 --- 57.099 ms
2024-12-20 16:17:23 [[32minfo[39m]: [20/Dec/2024:10:47:23 +0000] --- GET --- /connection-req/count --- 304 --- - --- 57.061 ms
2024-12-20 16:17:23 [[32minfo[39m]: [20/Dec/2024:10:47:23 +0000] --- GET --- /msg-unread?reqId=null&reqIdType=User --- 500 --- 76 --- 46.215 ms
2024-12-20 16:17:23 [[32minfo[39m]: [20/Dec/2024:10:47:23 +0000] --- GET --- /user --- 304 --- - --- 18.962 ms
2024-12-20 16:17:23 [[32minfo[39m]: [20/Dec/2024:10:47:23 +0000] --- GET --- /msg-unread?reqId=6732e25f3d63d889db261cdd&reqIdType=User --- 304 --- - --- 14.824 ms
2024-12-20 16:17:24 [[32minfo[39m]: [20/Dec/2024:10:47:24 +0000] --- GET --- /subscription/verify --- 200 --- 27 --- 1692.041 ms
2024-12-20 16:17:28 [[32minfo[39m]: [20/Dec/2024:10:47:28 +0000] --- POST --- /webhook/paypal --- 200 --- 21 --- 4.021 ms
2024-12-20 16:17:57 [[32minfo[39m]: [20/Dec/2024:10:47:57 +0000] --- POST --- /webhook/paypal --- 200 --- 21 --- 3.624 ms
2024-12-20 16:20:47 [[32minfo[39m]: [20/Dec/2024:10:50:47 +0000] --- GET --- /token/verify --- 204 --- - --- 6.946 ms
2024-12-20 16:20:47 [[32minfo[39m]: [20/Dec/2024:10:50:47 +0000] --- GET --- /token/verify --- 204 --- - --- 7.826 ms
2024-12-20 16:20:47 [[32minfo[39m]: [20/Dec/2024:10:50:47 +0000] --- GET --- /msg-unread?reqId=null&reqIdType=User --- 204 --- - --- 8.198 ms
2024-12-20 16:20:47 [[32minfo[39m]: [20/Dec/2024:10:50:47 +0000] --- GET --- /notification/count --- 204 --- - --- 5.250 ms
2024-12-20 16:20:47 [[32minfo[39m]: [20/Dec/2024:10:50:47 +0000] --- GET --- /connection-req/count --- 204 --- - --- 1.843 ms
2024-12-20 16:20:47 [[32minfo[39m]: [20/Dec/2024:10:50:47 +0000] --- GET --- /subscription/verify --- 204 --- - --- 2.840 ms
2024-12-20 16:20:47 [[32minfo[39m]: [20/Dec/2024:10:50:47 +0000] --- GET --- /token/verify --- 204 --- - --- 1.672 ms
2024-12-20 16:20:47 [[32minfo[39m]: [20/Dec/2024:10:50:47 +0000] --- GET --- /token/route --- 204 --- - --- 2.434 ms
2024-12-20 16:20:49 [[32minfo[39m]: [20/Dec/2024:10:50:49 +0000] --- POST --- /user/login --- 200 --- 391 --- 113.408 ms
2024-12-20 16:20:51 [[32minfo[39m]: [20/Dec/2024:10:50:51 +0000] --- GET --- /msg-unread?reqId=null&reqIdType=User --- 500 --- 76 --- 47.217 ms
2024-12-20 16:20:51 [[32minfo[39m]: [20/Dec/2024:10:50:51 +0000] --- GET --- /token/verify --- 200 --- 36 --- 78.540 ms
2024-12-20 16:20:51 [[32minfo[39m]: [20/Dec/2024:10:50:51 +0000] --- GET --- /notification/count --- 201 --- 34 --- 51.743 ms
2024-12-20 16:20:51 [[32minfo[39m]: [20/Dec/2024:10:50:51 +0000] --- GET --- /connection-req/count --- 200 --- 11 --- 44.503 ms
2024-12-20 16:20:51 [[32minfo[39m]: [20/Dec/2024:10:50:51 +0000] --- GET --- /user --- 200 --- 1605 --- 70.545 ms
2024-12-20 16:20:51 [[32minfo[39m]: [20/Dec/2024:10:50:51 +0000] --- POST --- /user/url-check --- 200 --- 116 --- 31.145 ms
2024-12-20 16:20:51 [[32minfo[39m]: [20/Dec/2024:10:50:51 +0000] --- GET --- /post/all?page=1&limit=3 --- 304 --- - --- 47.628 ms
2024-12-20 16:20:51 [[32minfo[39m]: [20/Dec/2024:10:50:51 +0000] --- GET --- /user/same-city?page=1&limit=7 --- 304 --- - --- 41.283 ms
2024-12-20 16:20:51 [[32minfo[39m]: [20/Dec/2024:10:50:51 +0000] --- GET --- /msg-unread?reqId=6732e25f3d63d889db261cdd&reqIdType=User --- 304 --- - --- 7.320 ms
2024-12-20 16:20:53 [[32minfo[39m]: [20/Dec/2024:10:50:53 +0000] --- GET --- /msg-unread?reqId=6732e25f3d63d889db261cdd&reqIdType=User --- 304 --- - --- 19.248 ms
2024-12-20 16:20:53 [[32minfo[39m]: [20/Dec/2024:10:50:53 +0000] --- GET --- /subscription/verify --- 201 --- 40 --- 16.182 ms
2024-12-20 16:20:53 [[32minfo[39m]: [20/Dec/2024:10:50:53 +0000] --- GET --- /notification/count --- 201 --- 34 --- 25.158 ms
2024-12-20 16:20:53 [[32minfo[39m]: [20/Dec/2024:10:50:53 +0000] --- GET --- /connection-req/count --- 304 --- - --- 21.019 ms
2024-12-20 16:20:53 [[32minfo[39m]: [20/Dec/2024:10:50:53 +0000] --- GET --- /msg-unread?reqId=6732e25f3d63d889db261cdd&reqIdType=User --- 304 --- - --- 8.525 ms
2024-12-20 16:20:56 [[32minfo[39m]: [20/Dec/2024:10:50:56 +0000] --- POST --- /subscription --- 200 --- 139 --- 2947.019 ms
2024-12-20 16:20:57 [[32minfo[39m]: [20/Dec/2024:10:50:57 +0000] --- POST --- /check-acc-status --- - --- - --- - ms
2024-12-20 16:21:08 [[32minfo[39m]: [20/Dec/2024:10:51:08 +0000] --- POST --- /webhook/paypal --- 200 --- 21 --- 2.611 ms
2024-12-20 16:21:23 [[32minfo[39m]: [20/Dec/2024:10:51:23 +0000] --- GET --- /token/verify --- 304 --- - --- 4.526 ms
2024-12-20 16:21:23 [[32minfo[39m]: [20/Dec/2024:10:51:23 +0000] --- GET --- /msg-unread?reqId=null&reqIdType=User --- 500 --- 76 --- 12.368 ms
2024-12-20 16:21:23 [[32minfo[39m]: [20/Dec/2024:10:51:23 +0000] --- GET --- /notification/count --- 201 --- 34 --- 15.788 ms
2024-12-20 16:21:23 [[32minfo[39m]: [20/Dec/2024:10:51:23 +0000] --- GET --- /token/verify --- 304 --- - --- 24.538 ms
2024-12-20 16:21:23 [[32minfo[39m]: [20/Dec/2024:10:51:23 +0000] --- GET --- /connection-req/count --- 304 --- - --- 17.330 ms
2024-12-20 16:21:23 [[32minfo[39m]: [20/Dec/2024:10:51:23 +0000] --- GET --- /user --- 304 --- - --- 16.850 ms
2024-12-20 16:21:23 [[32minfo[39m]: [20/Dec/2024:10:51:23 +0000] --- GET --- /msg-unread?reqId=6732e25f3d63d889db261cdd&reqIdType=User --- 304 --- - --- 6.012 ms
2024-12-20 16:21:25 [[32minfo[39m]: [20/Dec/2024:10:51:25 +0000] --- GET --- /subscription/verify --- 200 --- 108 --- 2063.067 ms
2024-12-20 16:21:43 [[32minfo[39m]: [20/Dec/2024:10:51:43 +0000] --- POST --- /webhook/paypal --- 200 --- 21 --- 3.479 ms
2024-12-20 16:22:33 [[32minfo[39m]: [20/Dec/2024:10:52:33 +0000] --- DELETE --- /subscription/cancel --- 200 --- 15 --- 1935.922 ms
2024-12-20 16:22:40 [[32minfo[39m]: [20/Dec/2024:10:52:40 +0000] --- GET --- /token/verify --- 304 --- - --- 7.814 ms
2024-12-20 16:22:40 [[32minfo[39m]: [20/Dec/2024:10:52:40 +0000] --- GET --- /msg-unread?reqId=null&reqIdType=User --- 500 --- 76 --- 31.469 ms
2024-12-20 16:22:40 [[32minfo[39m]: [20/Dec/2024:10:52:40 +0000] --- GET --- /connection-req/count --- 304 --- - --- 53.175 ms
2024-12-20 16:22:40 [[32minfo[39m]: [20/Dec/2024:10:52:40 +0000] --- GET --- /notification/count --- 201 --- 34 --- 47.911 ms
2024-12-20 16:22:40 [[32minfo[39m]: [20/Dec/2024:10:52:40 +0000] --- GET --- /token/verify --- 304 --- - --- 70.029 ms
2024-12-20 16:22:40 [[32minfo[39m]: [20/Dec/2024:10:52:40 +0000] --- GET --- /user --- 304 --- - --- 14.269 ms
2024-12-20 16:22:40 [[32minfo[39m]: [20/Dec/2024:10:52:40 +0000] --- GET --- /msg-unread?reqId=6732e25f3d63d889db261cdd&reqIdType=User --- 304 --- - --- 13.679 ms
2024-12-20 16:22:41 [[32minfo[39m]: [20/Dec/2024:10:52:41 +0000] --- POST --- /refresh-verify --- 403 --- 50 --- 0.911 ms
2024-12-20 16:22:42 [[32minfo[39m]: [20/Dec/2024:10:52:42 +0000] --- GET --- /subscription/verify --- 200 --- 27 --- 1806.922 ms
2024-12-20 16:23:23 [[32minfo[39m]: [20/Dec/2024:10:53:23 +0000] --- POST --- /webhook/paypal --- 200 --- 21 --- 4.200 ms
2024-12-20 16:24:55 [[32minfo[39m]: [20/Dec/2024:10:54:55 +0000] --- POST --- /subscription --- 200 --- 139 --- 3613.907 ms
2024-12-20 16:24:56 [[32minfo[39m]: [20/Dec/2024:10:54:56 +0000] --- POST --- /check-acc-status --- - --- - --- - ms
2024-12-20 16:25:08 [[32minfo[39m]: [20/Dec/2024:10:55:08 +0000] --- POST --- /webhook/paypal --- 200 --- 21 --- 3.724 ms
2024-12-20 16:25:22 [[32minfo[39m]: [20/Dec/2024:10:55:22 +0000] --- GET --- /token/verify --- 304 --- - --- 8.909 ms
2024-12-20 16:25:22 [[32minfo[39m]: [20/Dec/2024:10:55:22 +0000] --- GET --- /msg-unread?reqId=null&reqIdType=User --- 500 --- 76 --- 13.908 ms
2024-12-20 16:25:22 [[32minfo[39m]: [20/Dec/2024:10:55:22 +0000] --- GET --- /connection-req/count --- 304 --- - --- 28.668 ms
2024-12-20 16:25:22 [[32minfo[39m]: [20/Dec/2024:10:55:22 +0000] --- GET --- /token/verify --- 304 --- - --- 39.064 ms
2024-12-20 16:25:22 [[32minfo[39m]: [20/Dec/2024:10:55:22 +0000] --- GET --- /notification/count --- 201 --- 34 --- 38.719 ms
2024-12-20 16:25:22 [[32minfo[39m]: [20/Dec/2024:10:55:22 +0000] --- GET --- /user --- 304 --- - --- 32.587 ms
2024-12-20 16:25:22 [[32minfo[39m]: [20/Dec/2024:10:55:22 +0000] --- GET --- /msg-unread?reqId=6732e25f3d63d889db261cdd&reqIdType=User --- 304 --- - --- 11.452 ms
2024-12-20 16:25:24 [[32minfo[39m]: [20/Dec/2024:10:55:24 +0000] --- GET --- /subscription/verify --- 200 --- 108 --- 2011.682 ms
2024-12-20 16:25:38 [[32minfo[39m]: [20/Dec/2024:10:55:38 +0000] --- POST --- /webhook/paypal --- 200 --- 21 --- 3.705 ms
2024-12-20 16:31:23 [[32minfo[39m]: [20/Dec/2024:11:01:23 +0000] --- POST --- /refresh-verify --- 200 --- 181 --- 6.076 ms
2024-12-20 16:37:23 [[32minfo[39m]: [20/Dec/2024:11:07:23 +0000] --- POST --- /refresh-verify --- 200 --- 181 --- 8.327 ms
2024-12-20 16:38:05 [[32minfo[39m]: [20/Dec/2024:11:08:05 +0000] --- GET --- /token/verify --- 304 --- - --- 5.559 ms
2024-12-20 16:38:05 [[32minfo[39m]: [20/Dec/2024:11:08:05 +0000] --- GET --- /msg-unread?reqId=null&reqIdType=User --- 500 --- 76 --- 23.717 ms
2024-12-20 16:38:05 [[32minfo[39m]: [20/Dec/2024:11:08:05 +0000] --- GET --- /notification/count --- 201 --- 34 --- 36.247 ms
2024-12-20 16:38:05 [[32minfo[39m]: [20/Dec/2024:11:08:05 +0000] --- GET --- /token/verify --- 304 --- - --- 20.509 ms
2024-12-20 16:38:05 [[32minfo[39m]: [20/Dec/2024:11:08:05 +0000] --- GET --- /connection-req/count --- 304 --- - --- 31.583 ms
2024-12-20 16:38:05 [[32minfo[39m]: [20/Dec/2024:11:08:05 +0000] --- GET --- /user --- 304 --- - --- 14.753 ms
2024-12-20 16:38:05 [[32minfo[39m]: [20/Dec/2024:11:08:05 +0000] --- GET --- /msg-unread?reqId=6732e25f3d63d889db261cdd&reqIdType=User --- 304 --- - --- 8.495 ms
2024-12-20 16:38:07 [[32minfo[39m]: [20/Dec/2024:11:08:07 +0000] --- GET --- /subscription/verify --- 304 --- - --- 2376.468 ms
2024-12-20 16:44:05 [[32minfo[39m]: [20/Dec/2024:11:14:05 +0000] --- POST --- /refresh-verify --- 200 --- 181 --- 10.234 ms
2024-12-20 16:50:05 [[32minfo[39m]: [20/Dec/2024:11:20:05 +0000] --- POST --- /refresh-verify --- 200 --- 181 --- 36.753 ms
2024-12-20 16:52:48 [[32minfo[39m]: [20/Dec/2024:11:22:48 +0000] --- GET --- /token/verify --- 304 --- - --- 16.806 ms
2024-12-20 16:52:49 [[32minfo[39m]: [20/Dec/2024:11:22:49 +0000] --- GET --- /msg-unread?reqId=null&reqIdType=User --- 500 --- 76 --- 30.133 ms
2024-12-20 16:52:49 [[32minfo[39m]: [20/Dec/2024:11:22:49 +0000] --- GET --- /notification/count --- 201 --- 34 --- 42.875 ms
2024-12-20 16:52:49 [[32minfo[39m]: [20/Dec/2024:11:22:49 +0000] --- GET --- /connection-req/count --- 304 --- - --- 98.943 ms
2024-12-20 16:52:49 [[32minfo[39m]: [20/Dec/2024:11:22:49 +0000] --- GET --- /subscription/verify --- 201 --- 40 --- 51.143 ms
2024-12-20 16:52:49 [[32minfo[39m]: [20/Dec/2024:11:22:49 +0000] --- GET --- /token/verify --- 304 --- - --- 83.973 ms
2024-12-20 16:52:49 [[32minfo[39m]: [20/Dec/2024:11:22:49 +0000] --- GET --- /user --- 304 --- - --- 50.001 ms
2024-12-20 16:52:49 [[32minfo[39m]: [20/Dec/2024:11:22:49 +0000] --- GET --- /msg-unread?reqId=6732e25f3d63d889db261cdd&reqIdType=User --- 304 --- - --- 19.866 ms
2024-12-20 16:52:56 [[32minfo[39m]: [20/Dec/2024:11:22:56 +0000] --- POST --- /subscription --- 200 --- 139 --- 2815.931 ms
2024-12-20 16:52:56 [[32minfo[39m]: [20/Dec/2024:11:22:56 +0000] --- POST --- /check-acc-status --- - --- - --- - ms
2024-12-20 16:53:07 [[32minfo[39m]: [20/Dec/2024:11:23:07 +0000] --- POST --- /webhook/paypal --- 200 --- 21 --- 3.164 ms
2024-12-20 16:53:33 [[32minfo[39m]: [20/Dec/2024:11:23:33 +0000] --- GET --- /token/verify --- 304 --- - --- 5.519 ms
2024-12-20 16:53:34 [[32minfo[39m]: [20/Dec/2024:11:23:34 +0000] --- GET --- /msg-unread?reqId=null&reqIdType=User --- 500 --- 76 --- 23.682 ms
2024-12-20 16:53:34 [[32minfo[39m]: [20/Dec/2024:11:23:34 +0000] --- GET --- /notification/count --- 201 --- 34 --- 37.521 ms
2024-12-20 16:53:34 [[32minfo[39m]: [20/Dec/2024:11:23:34 +0000] --- GET --- /token/verify --- 304 --- - --- 38.903 ms
2024-12-20 16:53:34 [[32minfo[39m]: [20/Dec/2024:11:23:34 +0000] --- GET --- /connection-req/count --- 304 --- - --- 34.027 ms
2024-12-20 16:53:34 [[32minfo[39m]: [20/Dec/2024:11:23:34 +0000] --- GET --- /user --- 304 --- - --- 17.906 ms
2024-12-20 16:53:34 [[32minfo[39m]: [20/Dec/2024:11:23:34 +0000] --- GET --- /msg-unread?reqId=6732e25f3d63d889db261cdd&reqIdType=User --- 304 --- - --- 8.981 ms
2024-12-20 16:53:36 [[32minfo[39m]: [20/Dec/2024:11:23:36 +0000] --- GET --- /subscription/verify --- 200 --- 108 --- 2053.784 ms
2024-12-20 16:53:51 [[32minfo[39m]: [20/Dec/2024:11:23:51 +0000] --- POST --- /webhook/paypal --- 200 --- 21 --- 4.377 ms
2024-12-20 16:55:57 [[32minfo[39m]: [20/Dec/2024:11:25:57 +0000] --- GET --- /msg-unread?reqId=6732e25f3d63d889db261cdd&reqIdType=User --- 304 --- - --- 57.140 ms
2024-12-20 16:55:57 [[32minfo[39m]: [20/Dec/2024:11:25:57 +0000] --- GET --- /connection-req/count --- 304 --- - --- 14.664 ms
2024-12-20 16:55:57 [[32minfo[39m]: [20/Dec/2024:11:25:57 +0000] --- GET --- /notification/count --- 201 --- 34 --- 47.776 ms
2024-12-20 16:55:57 [[32minfo[39m]: [20/Dec/2024:11:25:57 +0000] --- GET --- /msg-unread?reqId=6732e25f3d63d889db261cdd&reqIdType=User --- 304 --- - --- 11.021 ms
2024-12-20 16:55:58 [[32minfo[39m]: [20/Dec/2024:11:25:58 +0000] --- GET --- /notification/count --- 201 --- 34 --- 50.844 ms
2024-12-20 16:55:58 [[32minfo[39m]: [20/Dec/2024:11:25:58 +0000] --- GET --- /connection-req/count --- 304 --- - --- 56.354 ms
2024-12-20 16:55:58 [[32minfo[39m]: [20/Dec/2024:11:25:58 +0000] --- GET --- /msg-unread?reqId=6732e25f3d63d889db261cdd&reqIdType=User --- 304 --- - --- 65.453 ms
2024-12-20 16:55:58 [[32minfo[39m]: [20/Dec/2024:11:25:58 +0000] --- GET --- /msg-unread?reqId=6732e25f3d63d889db261cdd&reqIdType=User --- 304 --- - --- 6.477 ms
2024-12-20 16:56:00 [[32minfo[39m]: [20/Dec/2024:11:26:00 +0000] --- GET --- /subscription/verify --- 304 --- - --- 1910.143 ms
2024-12-20 16:59:34 [[32minfo[39m]: [20/Dec/2024:11:29:34 +0000] --- POST --- /refresh-verify --- 200 --- 181 --- 13.393 ms
2024-12-20 17:05:34 [[32minfo[39m]: [20/Dec/2024:11:35:34 +0000] --- POST --- /refresh-verify --- 200 --- 181 --- 5.025 ms
2024-12-20 17:11:34 [[32minfo[39m]: [20/Dec/2024:11:41:34 +0000] --- POST --- /refresh-verify --- 200 --- 181 --- 5.134 ms
2024-12-20 17:17:34 [[32minfo[39m]: [20/Dec/2024:11:47:34 +0000] --- POST --- /refresh-verify --- 200 --- 181 --- 4.816 ms
2024-12-20 17:19:35 [[32minfo[39m]: [20/Dec/2024:11:49:35 +0000] --- GET --- /token/verify --- 304 --- - --- 7.545 ms
2024-12-20 17:19:36 [[32minfo[39m]: [20/Dec/2024:11:49:36 +0000] --- GET --- /msg-unread?reqId=null&reqIdType=User --- 500 --- 76 --- 33.203 ms
2024-12-20 17:19:36 [[32minfo[39m]: [20/Dec/2024:11:49:36 +0000] --- GET --- /token/verify --- 304 --- - --- 51.400 ms
2024-12-20 17:19:36 [[32minfo[39m]: [20/Dec/2024:11:49:36 +0000] --- GET --- /notification/count --- 201 --- 34 --- 74.483 ms
2024-12-20 17:19:36 [[32minfo[39m]: [20/Dec/2024:11:49:36 +0000] --- GET --- /connection-req/count --- 304 --- - --- 41.574 ms
2024-12-20 17:19:36 [[32minfo[39m]: [20/Dec/2024:11:49:36 +0000] --- GET --- /user --- 304 --- - --- 33.960 ms
2024-12-20 17:19:36 [[32minfo[39m]: [20/Dec/2024:11:49:36 +0000] --- GET --- /msg-unread?reqId=6732e25f3d63d889db261cdd&reqIdType=User --- 304 --- - --- 11.009 ms
2024-12-20 17:19:39 [[32minfo[39m]: [20/Dec/2024:11:49:39 +0000] --- GET --- /subscription/verify --- 304 --- - --- 2912.155 ms
2024-12-20 17:25:36 [[32minfo[39m]: [20/Dec/2024:11:55:36 +0000] --- POST --- /refresh-verify --- 200 --- 181 --- 4.204 ms
2024-12-20 17:31:36 [[32minfo[39m]: [20/Dec/2024:12:01:36 +0000] --- POST --- /refresh-verify --- 200 --- 181 --- 6.946 ms
2024-12-20 17:37:36 [[32minfo[39m]: [20/Dec/2024:12:07:36 +0000] --- POST --- /refresh-verify --- 200 --- 181 --- 5.176 ms
2024-12-20 17:43:36 [[32minfo[39m]: [20/Dec/2024:12:13:36 +0000] --- POST --- /refresh-verify --- 200 --- 181 --- 5.363 ms
2024-12-20 17:49:36 [[32minfo[39m]: [20/Dec/2024:12:19:36 +0000] --- POST --- /refresh-verify --- 200 --- 181 --- 4.654 ms
2024-12-20 17:55:36 [[32minfo[39m]: [20/Dec/2024:12:25:36 +0000] --- POST --- /refresh-verify --- 200 --- 181 --- 4.154 ms
2024-12-20 18:01:36 [[32minfo[39m]: [20/Dec/2024:12:31:36 +0000] --- POST --- /refresh-verify --- 200 --- 181 --- 6.116 ms
2024-12-20 18:07:36 [[32minfo[39m]: [20/Dec/2024:12:37:36 +0000] --- POST --- /refresh-verify --- 200 --- 181 --- 5.128 ms
2024-12-20 18:13:36 [[32minfo[39m]: [20/Dec/2024:12:43:36 +0000] --- POST --- /refresh-verify --- 200 --- 181 --- 14.848 ms
2024-12-20 18:19:36 [[32minfo[39m]: [20/Dec/2024:12:49:36 +0000] --- POST --- /refresh-verify --- 200 --- 181 --- 8.498 ms
2024-12-20 18:25:36 [[32minfo[39m]: [20/Dec/2024:12:55:36 +0000] --- POST --- /refresh-verify --- 200 --- 181 --- 4.205 ms
2024-12-20 18:31:36 [[32minfo[39m]: [20/Dec/2024:13:01:36 +0000] --- POST --- /refresh-verify --- 200 --- 181 --- 4.144 ms
2024-12-20 18:37:36 [[32minfo[39m]: [20/Dec/2024:13:07:36 +0000] --- POST --- /refresh-verify --- 200 --- 181 --- 5.436 ms
2024-12-20 18:43:36 [[32minfo[39m]: [20/Dec/2024:13:13:36 +0000] --- POST --- /refresh-verify --- 200 --- 181 --- 4.211 ms
2024-12-20 18:49:36 [[32minfo[39m]: [20/Dec/2024:13:19:36 +0000] --- POST --- /refresh-verify --- 200 --- 181 --- 5.701 ms
2024-12-20 18:55:36 [[32minfo[39m]: [20/Dec/2024:13:25:36 +0000] --- POST --- /refresh-verify --- 200 --- 181 --- 4.508 ms
2024-12-20 18:56:23 [[32minfo[39m]: [20/Dec/2024:13:26:23 +0000] --- GET --- /token/verify --- 304 --- - --- 5.241 ms
2024-12-20 18:56:24 [[32minfo[39m]: [20/Dec/2024:13:26:24 +0000] --- GET --- /msg-unread?reqId=null&reqIdType=User --- 500 --- 76 --- 27.262 ms
2024-12-20 18:56:24 [[32minfo[39m]: [20/Dec/2024:13:26:24 +0000] --- GET --- /notification/count --- 201 --- 34 --- 40.220 ms
2024-12-20 18:56:24 [[32minfo[39m]: [20/Dec/2024:13:26:24 +0000] --- GET --- /connection-req/count --- 304 --- - --- 37.322 ms
2024-12-20 18:56:24 [[32minfo[39m]: [20/Dec/2024:13:26:24 +0000] --- GET --- /token/verify --- 304 --- - --- 59.987 ms
2024-12-20 18:56:24 [[32minfo[39m]: [20/Dec/2024:13:26:24 +0000] --- GET --- /user --- 304 --- - --- 20.651 ms
2024-12-20 18:56:24 [[32minfo[39m]: [20/Dec/2024:13:26:24 +0000] --- GET --- /msg-unread?reqId=6732e25f3d63d889db261cdd&reqIdType=User --- 304 --- - --- 11.695 ms
2024-12-20 18:56:27 [[32minfo[39m]: [20/Dec/2024:13:26:27 +0000] --- GET --- /subscription/verify --- 304 --- - --- 3011.980 ms
2024-12-20 19:02:24 [[32minfo[39m]: [20/Dec/2024:13:32:24 +0000] --- POST --- /refresh-verify --- 200 --- 181 --- 9.426 ms
2024-12-20 19:08:24 [[32minfo[39m]: [20/Dec/2024:13:38:24 +0000] --- POST --- /refresh-verify --- 200 --- 181 --- 4.261 ms
2024-12-20 19:14:24 [[32minfo[39m]: [20/Dec/2024:13:44:24 +0000] --- POST --- /refresh-verify --- 200 --- 181 --- 8.239 ms
2024-12-20 19:16:20 [[32minfo[39m]: [20/Dec/2024:13:46:20 +0000] --- GET --- /msg-unread?reqId=6732e25f3d63d889db261cdd&reqIdType=User --- 304 --- - --- 72.516 ms
2024-12-20 19:16:20 [[32minfo[39m]: [20/Dec/2024:13:46:20 +0000] --- GET --- /notification/count --- 201 --- 34 --- 43.154 ms
2024-12-20 19:16:20 [[32minfo[39m]: [20/Dec/2024:13:46:20 +0000] --- GET --- /connection-req/count --- 304 --- - --- 38.695 ms
2024-12-20 19:16:20 [[32minfo[39m]: [20/Dec/2024:13:46:20 +0000] --- GET --- /msg-unread?reqId=6732e25f3d63d889db261cdd&reqIdType=User --- 304 --- - --- 8.223 ms
2024-12-20 19:16:21 [[32minfo[39m]: [20/Dec/2024:13:46:21 +0000] --- GET --- /notification/count --- 201 --- 34 --- 22.937 ms
2024-12-20 19:16:21 [[32minfo[39m]: [20/Dec/2024:13:46:21 +0000] --- GET --- /connection-req/count --- 304 --- - --- 18.328 ms
2024-12-20 19:16:21 [[32minfo[39m]: [20/Dec/2024:13:46:21 +0000] --- GET --- /msg-unread?reqId=6732e25f3d63d889db261cdd&reqIdType=User --- 304 --- - --- 27.286 ms
2024-12-20 19:16:21 [[32minfo[39m]: [20/Dec/2024:13:46:21 +0000] --- GET --- /msg-unread?reqId=6732e25f3d63d889db261cdd&reqIdType=User --- 304 --- - --- 5.710 ms
2024-12-20 19:18:23 [[32minfo[39m]: [20/Dec/2024:13:48:23 +0000] --- GET --- /notification/count --- 201 --- 34 --- 52.142 ms
2024-12-20 19:18:23 [[32minfo[39m]: [20/Dec/2024:13:48:23 +0000] --- GET --- /connection-req/count --- 304 --- - --- 32.528 ms
2024-12-20 19:18:23 [[32minfo[39m]: [20/Dec/2024:13:48:23 +0000] --- GET --- /msg-unread?reqId=6732e25f3d63d889db261cdd&reqIdType=User --- 304 --- - --- 38.953 ms
2024-12-20 19:18:23 [[32minfo[39m]: [20/Dec/2024:13:48:23 +0000] --- GET --- /msg-unread?reqId=6732e25f3d63d889db261cdd&reqIdType=User --- 304 --- - --- 5.298 ms
2024-12-20 19:18:24 [[32minfo[39m]: [20/Dec/2024:13:48:24 +0000] --- GET --- /msg-unread?reqId=6732e25f3d63d889db261cdd&reqIdType=User --- 304 --- - --- 34.573 ms
2024-12-20 19:18:24 [[32minfo[39m]: [20/Dec/2024:13:48:24 +0000] --- GET --- /connection-req/count --- 304 --- - --- 41.473 ms
2024-12-20 19:18:24 [[32minfo[39m]: [20/Dec/2024:13:48:24 +0000] --- GET --- /notification/count --- 201 --- 34 --- 56.109 ms
2024-12-20 19:18:24 [[32minfo[39m]: [20/Dec/2024:13:48:24 +0000] --- GET --- /msg-unread?reqId=6732e25f3d63d889db261cdd&reqIdType=User --- 304 --- - --- 86.517 ms
2024-12-20 19:18:29 [[32minfo[39m]: [20/Dec/2024:13:48:29 +0000] --- GET --- /subscription/verify --- 304 --- - --- 4884.296 ms
2024-12-20 19:20:24 [[32minfo[39m]: [20/Dec/2024:13:50:24 +0000] --- POST --- /refresh-verify --- 200 --- 181 --- 17.842 ms
2024-12-20 19:26:24 [[32minfo[39m]: [20/Dec/2024:13:56:24 +0000] --- POST --- /refresh-verify --- 200 --- 181 --- 5.729 ms
2024-12-20 19:32:24 [[32minfo[39m]: [20/Dec/2024:14:02:24 +0000] --- POST --- /refresh-verify --- 200 --- 181 --- 4.570 ms
2024-12-20 19:38:11 [[32minfo[39m]: [20/Dec/2024:14:08:11 +0000] --- GET --- /msg-unread?reqId=6732e25f3d63d889db261cdd&reqIdType=User --- 304 --- - --- 54.456 ms
2024-12-20 19:38:11 [[32minfo[39m]: [20/Dec/2024:14:08:11 +0000] --- GET --- /notification/count --- 201 --- 34 --- 34.630 ms
2024-12-20 19:38:11 [[32minfo[39m]: [20/Dec/2024:14:08:11 +0000] --- GET --- /connection-req/count --- 304 --- - --- 36.734 ms
2024-12-20 19:38:11 [[32minfo[39m]: [20/Dec/2024:14:08:11 +0000] --- GET --- /msg-unread?reqId=6732e25f3d63d889db261cdd&reqIdType=User --- 304 --- - --- 8.463 ms
2024-12-20 19:38:12 [[32minfo[39m]: [20/Dec/2024:14:08:12 +0000] --- GET --- /notification/count --- 201 --- 34 --- 29.023 ms
2024-12-20 19:38:12 [[32minfo[39m]: [20/Dec/2024:14:08:12 +0000] --- GET --- /connection-req/count --- 304 --- - --- 24.643 ms
2024-12-20 19:38:12 [[32minfo[39m]: [20/Dec/2024:14:08:12 +0000] --- GET --- /msg-unread?reqId=6732e25f3d63d889db261cdd&reqIdType=User --- 304 --- - --- 31.320 ms
2024-12-20 19:38:12 [[32minfo[39m]: [20/Dec/2024:14:08:12 +0000] --- GET --- /msg-unread?reqId=6732e25f3d63d889db261cdd&reqIdType=User --- 304 --- - --- 7.217 ms
2024-12-20 19:38:17 [[32minfo[39m]: [20/Dec/2024:14:08:17 +0000] --- GET --- /subscription/verify --- 304 --- - --- 4529.513 ms
2024-12-20 19:38:24 [[32minfo[39m]: [20/Dec/2024:14:08:24 +0000] --- POST --- /refresh-verify --- 200 --- 181 --- 27.016 ms
2024-12-20 19:40:12 [[32minfo[39m]: [20/Dec/2024:14:10:12 +0000] --- GET --- /notification/count --- 201 --- 34 --- 47.289 ms
2024-12-20 19:40:12 [[32minfo[39m]: [20/Dec/2024:14:10:12 +0000] --- GET --- /msg-unread?reqId=6732e25f3d63d889db261cdd&reqIdType=User --- 304 --- - --- 35.534 ms
2024-12-20 19:40:12 [[32minfo[39m]: [20/Dec/2024:14:10:12 +0000] --- GET --- /connection-req/count --- 304 --- - --- 33.597 ms
2024-12-20 19:40:12 [[32minfo[39m]: [20/Dec/2024:14:10:12 +0000] --- GET --- /msg-unread?reqId=6732e25f3d63d889db261cdd&reqIdType=User --- 304 --- - --- 5.094 ms
2024-12-20 19:40:14 [[32minfo[39m]: [20/Dec/2024:14:10:14 +0000] --- GET --- /notification/count --- 201 --- 34 --- 25.183 ms
2024-12-20 19:40:14 [[32minfo[39m]: [20/Dec/2024:14:10:14 +0000] --- GET --- /connection-req/count --- 304 --- - --- 22.792 ms
2024-12-20 19:40:14 [[32minfo[39m]: [20/Dec/2024:14:10:14 +0000] --- GET --- /msg-unread?reqId=6732e25f3d63d889db261cdd&reqIdType=User --- 304 --- - --- 30.979 ms
2024-12-20 19:40:14 [[32minfo[39m]: [20/Dec/2024:14:10:14 +0000] --- GET --- /msg-unread?reqId=6732e25f3d63d889db261cdd&reqIdType=User --- 304 --- - --- 5.784 ms
2024-12-20 19:40:18 [[32minfo[39m]: [20/Dec/2024:14:10:18 +0000] --- GET --- /subscription/verify --- 304 --- - --- 4159.110 ms
2024-12-20 19:42:14 [[32minfo[39m]: [20/Dec/2024:14:12:14 +0000] --- DELETE --- /subscription/cancel --- 200 --- 15 --- 2489.950 ms
2024-12-20 19:42:20 [[32minfo[39m]: [20/Dec/2024:14:12:20 +0000] --- GET --- /token/verify --- 304 --- - --- 6.838 ms
2024-12-20 19:42:21 [[32minfo[39m]: [20/Dec/2024:14:12:21 +0000] --- GET --- /msg-unread?reqId=null&reqIdType=User --- 500 --- 76 --- 25.787 ms
2024-12-20 19:42:21 [[32minfo[39m]: [20/Dec/2024:14:12:21 +0000] --- GET --- /token/verify --- 304 --- - --- 39.890 ms
2024-12-20 19:42:21 [[32minfo[39m]: [20/Dec/2024:14:12:21 +0000] --- GET --- /notification/count --- 201 --- 34 --- 34.201 ms
2024-12-20 19:42:21 [[32minfo[39m]: [20/Dec/2024:14:12:21 +0000] --- GET --- /connection-req/count --- 304 --- - --- 31.614 ms
2024-12-20 19:42:21 [[32minfo[39m]: [20/Dec/2024:14:12:21 +0000] --- GET --- /user --- 304 --- - --- 25.190 ms
2024-12-20 19:42:21 [[32minfo[39m]: [20/Dec/2024:14:12:21 +0000] --- GET --- /msg-unread?reqId=6732e25f3d63d889db261cdd&reqIdType=User --- 304 --- - --- 8.021 ms
2024-12-20 19:42:25 [[32minfo[39m]: [20/Dec/2024:14:12:25 +0000] --- GET --- /subscription/verify --- 200 --- 27 --- 4001.578 ms
2024-12-20 19:42:48 [[32minfo[39m]: [20/Dec/2024:14:12:48 +0000] --- POST --- /webhook/paypal --- 200 --- 21 --- 6.764 ms
2024-12-20 19:44:10 [[32minfo[39m]: [20/Dec/2024:14:14:10 +0000] --- POST --- /subscription --- 200 --- 139 --- 4085.188 ms
2024-12-20 19:44:11 [[32minfo[39m]: [20/Dec/2024:14:14:11 +0000] --- POST --- /check-acc-status --- - --- - --- - ms
2024-12-20 19:44:27 [[32minfo[39m]: [20/Dec/2024:14:14:27 +0000] --- POST --- /webhook/paypal --- 200 --- 21 --- 1.560 ms
2024-12-20 19:44:53 [[32minfo[39m]: [20/Dec/2024:14:14:53 +0000] --- GET --- /token/verify --- 304 --- - --- 6.162 ms
2024-12-20 19:44:53 [[32minfo[39m]: [20/Dec/2024:14:14:53 +0000] --- GET --- /msg-unread?reqId=null&reqIdType=User --- 500 --- 76 --- 16.561 ms
2024-12-20 19:44:53 [[32minfo[39m]: [20/Dec/2024:14:14:53 +0000] --- GET --- /token/verify --- 304 --- - --- 14.847 ms
2024-12-20 19:44:53 [[32minfo[39m]: [20/Dec/2024:14:14:53 +0000] --- GET --- /notification/count --- 201 --- 34 --- 35.606 ms
2024-12-20 19:44:53 [[32minfo[39m]: [20/Dec/2024:14:14:53 +0000] --- GET --- /connection-req/count --- 304 --- - --- 19.254 ms
2024-12-20 19:44:53 [[32minfo[39m]: [20/Dec/2024:14:14:53 +0000] --- GET --- /user --- 304 --- - --- 16.702 ms
2024-12-20 19:44:53 [[32minfo[39m]: [20/Dec/2024:14:14:53 +0000] --- GET --- /msg-unread?reqId=6732e25f3d63d889db261cdd&reqIdType=User --- 304 --- - --- 10.278 ms
2024-12-20 19:44:57 [[32minfo[39m]: [20/Dec/2024:14:14:57 +0000] --- GET --- /subscription/verify --- 200 --- 108 --- 3905.424 ms
2024-12-20 19:45:08 [[32minfo[39m]: [20/Dec/2024:14:15:08 +0000] --- POST --- /webhook/paypal --- 200 --- 21 --- 4.826 ms
2024-12-20 19:45:09 [[32minfo[39m]: [20/Dec/2024:14:15:09 +0000] --- GET --- /msg-unread?reqId=6732e25f3d63d889db261cdd&reqIdType=User --- 304 --- - --- 30.206 ms
2024-12-20 19:45:09 [[32minfo[39m]: [20/Dec/2024:14:15:09 +0000] --- GET --- /notification/count --- 201 --- 34 --- 33.805 ms
2024-12-20 19:45:09 [[32minfo[39m]: [20/Dec/2024:14:15:09 +0000] --- GET --- /connection-req/count --- 304 --- - --- 31.213 ms
2024-12-20 19:45:09 [[32minfo[39m]: [20/Dec/2024:14:15:09 +0000] --- GET --- /msg-unread?reqId=6732e25f3d63d889db261cdd&reqIdType=User --- 304 --- - --- 25.524 ms
2024-12-20 19:45:10 [[32minfo[39m]: [20/Dec/2024:14:15:10 +0000] --- GET --- /msg-unread?reqId=6732e25f3d63d889db261cdd&reqIdType=User --- 304 --- - --- 24.738 ms
2024-12-20 19:45:10 [[32minfo[39m]: [20/Dec/2024:14:15:10 +0000] --- GET --- /connection-req/count --- 304 --- - --- 26.185 ms
2024-12-20 19:45:10 [[32minfo[39m]: [20/Dec/2024:14:15:10 +0000] --- GET --- /notification/count --- 201 --- 34 --- 31.118 ms
2024-12-20 19:45:10 [[32minfo[39m]: [20/Dec/2024:14:15:10 +0000] --- GET --- /msg-unread?reqId=6732e25f3d63d889db261cdd&reqIdType=User --- 304 --- - --- 13.254 ms
2024-12-20 19:45:14 [[32minfo[39m]: [20/Dec/2024:14:15:14 +0000] --- GET --- /subscription/verify --- 304 --- - --- 3718.871 ms
2024-12-20 19:45:20 [[32minfo[39m]: [20/Dec/2024:14:15:20 +0000] --- GET --- /notification/count --- 201 --- 34 --- 19.496 ms
2024-12-20 19:45:20 [[32minfo[39m]: [20/Dec/2024:14:15:20 +0000] --- GET --- /msg-unread?reqId=6732e25f3d63d889db261cdd&reqIdType=User --- 304 --- - --- 21.737 ms
2024-12-20 19:45:20 [[32minfo[39m]: [20/Dec/2024:14:15:20 +0000] --- GET --- /connection-req/count --- 304 --- - --- 18.037 ms
2024-12-20 19:45:20 [[32minfo[39m]: [20/Dec/2024:14:15:20 +0000] --- GET --- /msg-unread?reqId=6732e25f3d63d889db261cdd&reqIdType=User --- 304 --- - --- 7.715 ms
2024-12-20 19:45:21 [[32minfo[39m]: [20/Dec/2024:14:15:21 +0000] --- GET --- /msg-unread?reqId=6732e25f3d63d889db261cdd&reqIdType=User --- 304 --- - --- 24.177 ms
2024-12-20 19:45:21 [[32minfo[39m]: [20/Dec/2024:14:15:21 +0000] --- GET --- /connection-req/count --- 304 --- - --- 31.219 ms
2024-12-20 19:45:21 [[32minfo[39m]: [20/Dec/2024:14:15:21 +0000] --- GET --- /notification/count --- 201 --- 34 --- 39.845 ms
2024-12-20 19:45:21 [[32minfo[39m]: [20/Dec/2024:14:15:21 +0000] --- GET --- /msg-unread?reqId=6732e25f3d63d889db261cdd&reqIdType=User --- 304 --- - --- 14.239 ms
2024-12-20 19:45:24 [[32minfo[39m]: [20/Dec/2024:14:15:24 +0000] --- GET --- /subscription/verify --- 304 --- - --- 3265.639 ms
2024-12-20 19:50:53 [[32minfo[39m]: [20/Dec/2024:14:20:53 +0000] --- POST --- /refresh-verify --- 200 --- 181 --- 6.785 ms
