{"level":"error","message":"server started"}
{"level":"error","message":"server started"}
2024-12-13T13:19:14.383Z [development] error: server started
2024-12-13T13:19:57.690Z [undefined] error: server started
2024-12-13T13:20:24.361Z [undefined] error: server started
2024-12-13 18:50:55 [undefined] error: server started
2024-12-13 18:51:50 error: server started
2024-12-13 18:52:03 [error]: server started
2024-12-13 18:54:29 [[31merror[39m]: server started
2024-12-13 18:54:54 [[31merror[39m]: server started
2024-12-13 18:55:24 [[31merror[39m]: server started
2024-12-13 18:56:20 [[31merror[39m]: server started
2024-12-13 18:57:06 [[31merror[39m]: server started
2024-12-13 18:59:38 [[31merror[39m]: server started
2024-12-13 18:59:52 [error]: server started
2024-12-13 19:01:49 [[31merror[39m]: server started
2024-12-13 19:02:26 [[31merror[39m]: server started
2024-12-13 19:05:52 [[31merror[39m]: server started
2024-12-13 19:10:55 [[31merror[39m]: server started
2024-12-13 19:11:06 [[31merror[39m]: server started
2024-12-13 19:12:41 [[31merror[39m]: server started
2024-12-13 19:14:05 [[31merror[39m]: server started
